"","mutID-0","mutID-5","mutID-26"
"Bulk-1",0.8,0,0
"Bulk-2",0.536,0,0
"Bulk-3",0.848,0,0
"Bulk-4",0.336,0.072,0
"Bulk-5",0.616,0,0.104
